// Jest Snapshot v1, https://goo.gl/fbAQLP

exports[`MyRequests Container MyRequests should match the snapshot 1`] = `
"<div className=\\"containers\\">
  <h2>
    My Requests
  </h2>
  <Query query={{...}} variables={{...}}>
    [function]
  </Query>
</div>"
`;
