// Jest Snapshot v1, https://goo.gl/fbAQLP

exports[`RideSearch should match the snapshot will all data passed in 1`] = `ShallowWrapper {}`;
